Component: ARM Compiler 5.06 update 5 (build 528) Tool: armlink [4d35e2]

==============================================================================

Section Cross References

    startup.o(STACK) refers (Special) to heapauxi.o(.text) for __use_two_region_memory
    startup.o(HEAP) refers (Special) to heapauxi.o(.text) for __use_two_region_memory
    startup.o(RESET) refers (Special) to heapauxi.o(.text) for __use_two_region_memory
    startup.o(RESET) refers to startup.o(STACK) for StackMem
    startup.o(RESET) refers to lab6peripherals.o(i.SysTick_Handler) for SysTick_Handler
    startup.o(RESET) refers to doorswitch.o(i.GPIOPortA_Handler) for GPIOPortA_Handler
    startup.o(RESET) refers to doorswitch.o(i.GPIOPortB_Handler) for GPIOPortB_Handler
    startup.o(RESET) refers to doorswitch.o(i.GPIOPortC_Handler) for GPIOPortC_Handler
    startup.o(RESET) refers to doorswitch.o(i.GPIOPortD_Handler) for GPIOPortD_Handler
    startup.o(RESET) refers to doorswitch.o(i.GPIOPortE_Handler) for GPIOPortE_Handler
    startup.o(RESET) refers to doorswitch.o(i.GPIOPortF_Handler) for GPIOPortF_Handler
    startup.o(RESET) refers to lab6.o(i.__main) for __main
    startup.o(.text) refers (Special) to heapauxi.o(.text) for __use_two_region_memory
    startup.o(.text) refers to startup.o(HEAP) for HeapMem
    startup.o(.text) refers to startup.o(STACK) for StackMem
    lab6.o(i.__main) refers to startup.o(.text) for DisableInterrupts
    lab6.o(i.__main) refers to pll.o(i.PLL_Init) for PLL_Init
    lab6.o(i.__main) refers to lab6peripherals.o(i.SysTick_Init) for SysTick_Init
    lab6.o(i.__main) refers to doorswitch.o(i.DoorSwitch_Init) for DoorSwitch_Init
    lab6.o(i.__main) refers to lab6peripherals.o(i.PortF_Init) for PortF_Init
    lab6.o(i.__main) refers to adc.o(i.ADC_Init) for ADC_Init
    lab6.o(i.__main) refers to uart.o(i.UART_Init) for UART_Init
    lab6.o(i.__main) refers to adc.o(i.ADC_In) for ADC_In
    lab6.o(i.__main) refers to lab6.o(i.Temp_Convert) for Temp_Convert
    lab6.o(i.__main) refers to lab6peripherals.o(i.DoorOpenIndicator_Off) for DoorOpenIndicator_Off
    lab6.o(i.__main) refers to doorswitch.o(i.IsDoorOpen) for IsDoorOpen
    lab6.o(i.__main) refers to lab6peripherals.o(i.DoorOpenIndicator_On) for DoorOpenIndicator_On
    lab6.o(i.__main) refers to uart.o(i.UART_TransmitIfIdle) for UART_TransmitIfIdle
    lab6.o(i.__main) refers to lab6.o(.data) for state
    lab6.o(i.__main) refers to lab6peripherals.o(.data) for count
    lab6.o(i.__main) refers to doorswitch.o(.data) for doorStateChanged
    lab6peripherals.o(i.SysTick_Handler) refers to adc.o(i.ADC_In) for ADC_In
    lab6peripherals.o(i.SysTick_Handler) refers to lab6peripherals.o(.data) for ADCMail
    uart.o(i.UART_Init) refers to friendlywriter.o(i.FriendlyWrite) for FriendlyWrite
    uart.o(i.UART_Init) refers to friendlywriter.o(i.Write) for Write
    uart.o(i.UART_Init) refers to friendlywriter.o(.constdata) for GPIO_BASE
    uart.o(i.UART_Init) refers to uart.o(.constdata) for UART_BASE
    uart.o(i.UART_Init) refers to uart.o(.data) for selected_UART
    uart.o(i.UART_NewDataAvailable) refers to friendlywriter.o(i.Read) for Read
    uart.o(i.UART_NewDataAvailable) refers to uart.o(.constdata) for UART_BASE
    uart.o(i.UART_NewDataAvailable) refers to uart.o(.data) for selected_UART
    uart.o(i.UART_Read) refers to friendlywriter.o(i.Read) for Read
    uart.o(i.UART_Read) refers to uart.o(.constdata) for UART_BASE
    uart.o(i.UART_Read) refers to uart.o(.data) for selected_UART
    uart.o(i.UART_TransmitIfIdle) refers to friendlywriter.o(i.Read) for Read
    uart.o(i.UART_TransmitIfIdle) refers to uart.o(.constdata) for UART_BASE
    uart.o(i.UART_TransmitIfIdle) refers to uart.o(.data) for selected_UART
    doorswitch.o(i.DoorSwitch_Init) refers to friendlywriter.o(i.Write) for Write
    doorswitch.o(i.DoorSwitch_Init) refers to friendlywriter.o(i.FriendlyWrite) for FriendlyWrite
    doorswitch.o(i.DoorSwitch_Init) refers to friendlywriter.o(.constdata) for GPIO_BASE
    doorswitch.o(i.DoorSwitch_Init) refers to doorswitch.o(.data) for doorStateChanged
    doorswitch.o(i.GPIOPortA_Handler) refers to doorswitch.o(.data) for doorStateChanged
    doorswitch.o(i.GPIOPortB_Handler) refers to doorswitch.o(.data) for doorStateChanged
    doorswitch.o(i.GPIOPortC_Handler) refers to doorswitch.o(.data) for doorStateChanged
    doorswitch.o(i.GPIOPortD_Handler) refers to doorswitch.o(.data) for doorStateChanged
    doorswitch.o(i.GPIOPortE_Handler) refers to doorswitch.o(.data) for doorStateChanged
    doorswitch.o(i.GPIOPortF_Handler) refers to doorswitch.o(.data) for doorStateChanged
    doorswitch.o(i.IsDoorOpen) refers to friendlywriter.o(i.Read) for Read
    doorswitch.o(i.IsDoorOpen) refers to friendlywriter.o(.constdata) for GPIO_BASE
    doorswitch.o(i.IsDoorOpen) refers to doorswitch.o(.data) for selected_port


==============================================================================

Removing Unused input sections from the image.

    Removing uart.o(i.UART_NewDataAvailable), (44 bytes).
    Removing uart.o(i.UART_Read), (28 bytes).

2 unused section(s) (total 72 bytes) removed from the image.

==============================================================================

Image Symbol Table

    Local Symbols

    Symbol Name                              Value     Ov Type        Size  Object(Section)

    RESET                                    0x00000000   Section      644  startup.o(RESET)
    ../clib/heapaux.c                        0x00000000   Number         0  heapauxi.o ABSOLUTE
    ADC.c                                    0x00000000   Number         0  adc.o ABSOLUTE
    Lab6.c                                   0x00000000   Number         0  lab6.o ABSOLUTE
    Lab6peripherals.c                        0x00000000   Number         0  lab6peripherals.o ABSOLUTE
    PLL.c                                    0x00000000   Number         0  pll.o ABSOLUTE
    dc.s                                     0x00000000   Number         0  dc.o ABSOLUTE
    doorSwitch.c                             0x00000000   Number         0  doorswitch.o ABSOLUTE
    friendlywriter.c                         0x00000000   Number         0  friendlywriter.o ABSOLUTE
    startup.s                                0x00000000   Number         0  startup.o ABSOLUTE
    uart.c                                   0x00000000   Number         0  uart.o ABSOLUTE
    $v0                                      0x0000026c   Number         0  startup.o(RESET)
    .text                                    0x00000284   Section       48  startup.o(.text)
    $v0                                      0x00000284   Number         0  startup.o(.text)
    .text                                    0x000002b4   Section        0  heapauxi.o(.text)
    i.ADC_In                                 0x000002bc   Section        0  adc.o(i.ADC_In)
    i.ADC_Init                               0x000002f4   Section        0  adc.o(i.ADC_Init)
    i.DoorOpenIndicator_Off                  0x000003b8   Section        0  lab6peripherals.o(i.DoorOpenIndicator_Off)
    i.DoorOpenIndicator_On                   0x000003d0   Section        0  lab6peripherals.o(i.DoorOpenIndicator_On)
    i.DoorSwitch_Init                        0x000003e8   Section        0  doorswitch.o(i.DoorSwitch_Init)
    i.FriendlyWrite                          0x000005a4   Section        0  friendlywriter.o(i.FriendlyWrite)
    i.GPIOPortA_Handler                      0x000005bc   Section        0  doorswitch.o(i.GPIOPortA_Handler)
    i.GPIOPortB_Handler                      0x000005e4   Section        0  doorswitch.o(i.GPIOPortB_Handler)
    i.GPIOPortC_Handler                      0x0000060c   Section        0  doorswitch.o(i.GPIOPortC_Handler)
    i.GPIOPortD_Handler                      0x00000634   Section        0  doorswitch.o(i.GPIOPortD_Handler)
    i.GPIOPortE_Handler                      0x0000065c   Section        0  doorswitch.o(i.GPIOPortE_Handler)
    i.GPIOPortF_Handler                      0x00000684   Section        0  doorswitch.o(i.GPIOPortF_Handler)
    i.IsDoorOpen                             0x000006ac   Section        0  doorswitch.o(i.IsDoorOpen)
    i.PLL_Init                               0x000006f0   Section        0  pll.o(i.PLL_Init)
    i.PortF_Init                             0x00000760   Section        0  lab6peripherals.o(i.PortF_Init)
    i.Read                                   0x000007e8   Section        0  friendlywriter.o(i.Read)
    i.SysTick_Handler                        0x000007f0   Section        0  lab6peripherals.o(i.SysTick_Handler)
    i.SysTick_Init                           0x00000840   Section        0  lab6peripherals.o(i.SysTick_Init)
    i.Temp_Convert                           0x00000884   Section        0  lab6.o(i.Temp_Convert)
    i.UART_Init                              0x00000898   Section        0  uart.o(i.UART_Init)
    i.UART_TransmitIfIdle                    0x000009fc   Section        0  uart.o(i.UART_TransmitIfIdle)
    i.Write                                  0x00000a38   Section        0  friendlywriter.o(i.Write)
    i.__main                                 0x00000a3c   Section        0  lab6.o(i.__main)
    .constdata                               0x00000b90   Section       32  uart.o(.constdata)
    .constdata                               0x00000bb0   Section       24  friendlywriter.o(.constdata)
    .data                                    0x20000000   Section       16  lab6.o(.data)
    .data                                    0x20000010   Section       12  lab6peripherals.o(.data)
    .data                                    0x2000001c   Section        4  uart.o(.data)
    .data                                    0x20000020   Section       12  doorswitch.o(.data)
    HEAP                                     0x20000030   Section        0  startup.o(HEAP)
    STACK                                    0x20000030   Section     1024  startup.o(STACK)
    HeapMem                                  0x20000030   Data           0  startup.o(HEAP)
    StackMem                                 0x20000030   Data           0  startup.o(STACK)

    Global Symbols

    Symbol Name                              Value     Ov Type        Size  Object(Section)

    BuildAttributes$$THM_ISAv4$E$P$D$K$B$S$7EM$VFPi3$EXTD16$VFPS$VFMA$PE$A:L22UL41UL21$X:L11$S22US41US21$IEEE1$IW$USESV6$~STKCKD$USESV7$~SHL$OSPACE$ROPI$EBA8$STANDARDLIB$REQ8$PRES8$EABIv2 0x00000000   Number         0  anon$$obj.o ABSOLUTE
    __Vectors                                0x00000000   Data           0  startup.o(RESET)
    Reset_Handler                            0x0000026d   Thumb Code     0  startup.o(RESET)
    NMI_Handler                              0x00000271   Thumb Code     2  startup.o(RESET)
    HardFault_Handler                        0x00000273   Thumb Code     2  startup.o(RESET)
    MemManage_Handler                        0x00000275   Thumb Code     2  startup.o(RESET)
    BusFault_Handler                         0x00000277   Thumb Code     2  startup.o(RESET)
    UsageFault_Handler                       0x00000279   Thumb Code     2  startup.o(RESET)
    SVC_Handler                              0x0000027b   Thumb Code     2  startup.o(RESET)
    DebugMon_Handler                         0x0000027d   Thumb Code     2  startup.o(RESET)
    PendSV_Handler                           0x0000027f   Thumb Code     2  startup.o(RESET)
    ADC0Seq0_Handler                         0x00000283   Thumb Code     0  startup.o(RESET)
    ADC0Seq1_Handler                         0x00000283   Thumb Code     0  startup.o(RESET)
    ADC0Seq2_Handler                         0x00000283   Thumb Code     0  startup.o(RESET)
    ADC0Seq3_Handler                         0x00000283   Thumb Code     0  startup.o(RESET)
    ADC1Seq0_Handler                         0x00000283   Thumb Code     0  startup.o(RESET)
    ADC1Seq1_Handler                         0x00000283   Thumb Code     0  startup.o(RESET)
    ADC1Seq2_Handler                         0x00000283   Thumb Code     0  startup.o(RESET)
    ADC1Seq3_Handler                         0x00000283   Thumb Code     0  startup.o(RESET)
    CAN0_Handler                             0x00000283   Thumb Code     0  startup.o(RESET)
    CAN1_Handler                             0x00000283   Thumb Code     0  startup.o(RESET)
    CAN2_Handler                             0x00000283   Thumb Code     0  startup.o(RESET)
    Comp0_Handler                            0x00000283   Thumb Code     0  startup.o(RESET)
    Comp1_Handler                            0x00000283   Thumb Code     0  startup.o(RESET)
    Comp2_Handler                            0x00000283   Thumb Code     0  startup.o(RESET)
    Ethernet_Handler                         0x00000283   Thumb Code     0  startup.o(RESET)
    ExtBus_Handler                           0x00000283   Thumb Code     0  startup.o(RESET)
    FPU_Handler                              0x00000283   Thumb Code     0  startup.o(RESET)
    Fan0_Handler                             0x00000283   Thumb Code     0  startup.o(RESET)
    FlashCtl_Handler                         0x00000283   Thumb Code     0  startup.o(RESET)
    GPIOPortG_Handler                        0x00000283   Thumb Code     0  startup.o(RESET)
    GPIOPortH_Handler                        0x00000283   Thumb Code     0  startup.o(RESET)
    GPIOPortJ_Handler                        0x00000283   Thumb Code     0  startup.o(RESET)
    GPIOPortK_Handler                        0x00000283   Thumb Code     0  startup.o(RESET)
    GPIOPortL_Handler                        0x00000283   Thumb Code     0  startup.o(RESET)
    GPIOPortM_Handler                        0x00000283   Thumb Code     0  startup.o(RESET)
    GPIOPortN_Handler                        0x00000283   Thumb Code     0  startup.o(RESET)
    GPIOPortP1_Handler                       0x00000283   Thumb Code     0  startup.o(RESET)
    GPIOPortP2_Handler                       0x00000283   Thumb Code     0  startup.o(RESET)
    GPIOPortP3_Handler                       0x00000283   Thumb Code     0  startup.o(RESET)
    GPIOPortP4_Handler                       0x00000283   Thumb Code     0  startup.o(RESET)
    GPIOPortP5_Handler                       0x00000283   Thumb Code     0  startup.o(RESET)
    GPIOPortP6_Handler                       0x00000283   Thumb Code     0  startup.o(RESET)
    GPIOPortP7_Handler                       0x00000283   Thumb Code     0  startup.o(RESET)
    GPIOPortP_Handler                        0x00000283   Thumb Code     0  startup.o(RESET)
    GPIOPortQ1_Handler                       0x00000283   Thumb Code     0  startup.o(RESET)
    GPIOPortQ2_Handler                       0x00000283   Thumb Code     0  startup.o(RESET)
    GPIOPortQ3_Handler                       0x00000283   Thumb Code     0  startup.o(RESET)
    GPIOPortQ4_Handler                       0x00000283   Thumb Code     0  startup.o(RESET)
    GPIOPortQ5_Handler                       0x00000283   Thumb Code     0  startup.o(RESET)
    GPIOPortQ6_Handler                       0x00000283   Thumb Code     0  startup.o(RESET)
    GPIOPortQ7_Handler                       0x00000283   Thumb Code     0  startup.o(RESET)
    GPIOPortQ_Handler                        0x00000283   Thumb Code     0  startup.o(RESET)
    GPIOPortR_Handler                        0x00000283   Thumb Code     0  startup.o(RESET)
    GPIOPortS_Handler                        0x00000283   Thumb Code     0  startup.o(RESET)
    Hibernate_Handler                        0x00000283   Thumb Code     0  startup.o(RESET)
    I2C0_Handler                             0x00000283   Thumb Code     0  startup.o(RESET)
    I2C1_Handler                             0x00000283   Thumb Code     0  startup.o(RESET)
    I2C2_Handler                             0x00000283   Thumb Code     0  startup.o(RESET)
    I2C3_Handler                             0x00000283   Thumb Code     0  startup.o(RESET)
    I2C4_Handler                             0x00000283   Thumb Code     0  startup.o(RESET)
    I2C5_Handler                             0x00000283   Thumb Code     0  startup.o(RESET)
    I2S0_Handler                             0x00000283   Thumb Code     0  startup.o(RESET)
    LPC0_Handler                             0x00000283   Thumb Code     0  startup.o(RESET)
    PECI0_Handler                            0x00000283   Thumb Code     0  startup.o(RESET)
    PWM0Fault_Handler                        0x00000283   Thumb Code     0  startup.o(RESET)
    PWM0Generator0_Handler                   0x00000283   Thumb Code     0  startup.o(RESET)
    PWM0Generator1_Handler                   0x00000283   Thumb Code     0  startup.o(RESET)
    PWM0Generator2_Handler                   0x00000283   Thumb Code     0  startup.o(RESET)
    PWM0Generator3_Handler                   0x00000283   Thumb Code     0  startup.o(RESET)
    PWM1Fault_Handler                        0x00000283   Thumb Code     0  startup.o(RESET)
    PWM1Generator0_Handler                   0x00000283   Thumb Code     0  startup.o(RESET)
    PWM1Generator1_Handler                   0x00000283   Thumb Code     0  startup.o(RESET)
    PWM1Generator2_Handler                   0x00000283   Thumb Code     0  startup.o(RESET)
    PWM1Generator3_Handler                   0x00000283   Thumb Code     0  startup.o(RESET)
    Quadrature0_Handler                      0x00000283   Thumb Code     0  startup.o(RESET)
    Quadrature1_Handler                      0x00000283   Thumb Code     0  startup.o(RESET)
    Quadrature2_Handler                      0x00000283   Thumb Code     0  startup.o(RESET)
    SSI0_Handler                             0x00000283   Thumb Code     0  startup.o(RESET)
    SSI1_Handler                             0x00000283   Thumb Code     0  startup.o(RESET)
    SSI2_Handler                             0x00000283   Thumb Code     0  startup.o(RESET)
    SSI3_Handler                             0x00000283   Thumb Code     0  startup.o(RESET)
    SysCtl_Handler                           0x00000283   Thumb Code     0  startup.o(RESET)
    Timer0A_Handler                          0x00000283   Thumb Code     0  startup.o(RESET)
    Timer0B_Handler                          0x00000283   Thumb Code     0  startup.o(RESET)
    Timer1A_Handler                          0x00000283   Thumb Code     0  startup.o(RESET)
    Timer1B_Handler                          0x00000283   Thumb Code     0  startup.o(RESET)
    Timer2A_Handler                          0x00000283   Thumb Code     0  startup.o(RESET)
    Timer2B_Handler                          0x00000283   Thumb Code     0  startup.o(RESET)
    Timer3A_Handler                          0x00000283   Thumb Code     0  startup.o(RESET)
    Timer3B_Handler                          0x00000283   Thumb Code     0  startup.o(RESET)
    Timer4A_Handler                          0x00000283   Thumb Code     0  startup.o(RESET)
    Timer4B_Handler                          0x00000283   Thumb Code     0  startup.o(RESET)
    Timer5A_Handler                          0x00000283   Thumb Code     0  startup.o(RESET)
    Timer5B_Handler                          0x00000283   Thumb Code     0  startup.o(RESET)
    UART0_Handler                            0x00000283   Thumb Code     0  startup.o(RESET)
    UART1_Handler                            0x00000283   Thumb Code     0  startup.o(RESET)
    UART2_Handler                            0x00000283   Thumb Code     0  startup.o(RESET)
    UART3_Handler                            0x00000283   Thumb Code     0  startup.o(RESET)
    UART4_Handler                            0x00000283   Thumb Code     0  startup.o(RESET)
    UART5_Handler                            0x00000283   Thumb Code     0  startup.o(RESET)
    UART6_Handler                            0x00000283   Thumb Code     0  startup.o(RESET)
    UART7_Handler                            0x00000283   Thumb Code     0  startup.o(RESET)
    USB0_Handler                             0x00000283   Thumb Code     0  startup.o(RESET)
    WDT_Handler                              0x00000283   Thumb Code     0  startup.o(RESET)
    WideTimer0A_Handler                      0x00000283   Thumb Code     0  startup.o(RESET)
    WideTimer0B_Handler                      0x00000283   Thumb Code     0  startup.o(RESET)
    WideTimer1A_Handler                      0x00000283   Thumb Code     0  startup.o(RESET)
    WideTimer1B_Handler                      0x00000283   Thumb Code     0  startup.o(RESET)
    WideTimer2A_Handler                      0x00000283   Thumb Code     0  startup.o(RESET)
    WideTimer2B_Handler                      0x00000283   Thumb Code     0  startup.o(RESET)
    WideTimer3A_Handler                      0x00000283   Thumb Code     0  startup.o(RESET)
    WideTimer3B_Handler                      0x00000283   Thumb Code     0  startup.o(RESET)
    WideTimer4A_Handler                      0x00000283   Thumb Code     0  startup.o(RESET)
    WideTimer4B_Handler                      0x00000283   Thumb Code     0  startup.o(RESET)
    WideTimer5A_Handler                      0x00000283   Thumb Code     0  startup.o(RESET)
    WideTimer5B_Handler                      0x00000283   Thumb Code     0  startup.o(RESET)
    uDMA_Error                               0x00000283   Thumb Code     0  startup.o(RESET)
    uDMA_Handler                             0x00000283   Thumb Code     0  startup.o(RESET)
    DisableInterrupts                        0x00000285   Thumb Code     0  startup.o(.text)
    EnableInterrupts                         0x00000289   Thumb Code     0  startup.o(.text)
    StartCritical                            0x0000028d   Thumb Code     0  startup.o(.text)
    EndCritical                              0x00000295   Thumb Code     0  startup.o(.text)
    WaitForInterrupt                         0x0000029b   Thumb Code     0  startup.o(.text)
    __user_initial_stackheap                 0x0000029f   Thumb Code     0  startup.o(.text)
    __use_two_region_memory                  0x000002b5   Thumb Code     2  heapauxi.o(.text)
    __rt_heap_escrow$2region                 0x000002b7   Thumb Code     2  heapauxi.o(.text)
    __rt_heap_expand$2region                 0x000002b9   Thumb Code     2  heapauxi.o(.text)
    ADC_In                                   0x000002bd   Thumb Code    50  adc.o(i.ADC_In)
    ADC_Init                                 0x000002f5   Thumb Code   168  adc.o(i.ADC_Init)
    DoorOpenIndicator_Off                    0x000003b9   Thumb Code    16  lab6peripherals.o(i.DoorOpenIndicator_Off)
    DoorOpenIndicator_On                     0x000003d1   Thumb Code    16  lab6peripherals.o(i.DoorOpenIndicator_On)
    DoorSwitch_Init                          0x000003e9   Thumb Code   412  doorswitch.o(i.DoorSwitch_Init)
    FriendlyWrite                            0x000005a5   Thumb Code    24  friendlywriter.o(i.FriendlyWrite)
    GPIOPortA_Handler                        0x000005bd   Thumb Code    26  doorswitch.o(i.GPIOPortA_Handler)
    GPIOPortB_Handler                        0x000005e5   Thumb Code    26  doorswitch.o(i.GPIOPortB_Handler)
    GPIOPortC_Handler                        0x0000060d   Thumb Code    26  doorswitch.o(i.GPIOPortC_Handler)
    GPIOPortD_Handler                        0x00000635   Thumb Code    26  doorswitch.o(i.GPIOPortD_Handler)
    GPIOPortE_Handler                        0x0000065d   Thumb Code    26  doorswitch.o(i.GPIOPortE_Handler)
    GPIOPortF_Handler                        0x00000685   Thumb Code    26  doorswitch.o(i.GPIOPortF_Handler)
    IsDoorOpen                               0x000006ad   Thumb Code    50  doorswitch.o(i.IsDoorOpen)
    PLL_Init                                 0x000006f1   Thumb Code   108  pll.o(i.PLL_Init)
    PortF_Init                               0x00000761   Thumb Code   114  lab6peripherals.o(i.PortF_Init)
    Read                                     0x000007e9   Thumb Code     6  friendlywriter.o(i.Read)
    SysTick_Handler                          0x000007f1   Thumb Code    58  lab6peripherals.o(i.SysTick_Handler)
    SysTick_Init                             0x00000841   Thumb Code    54  lab6peripherals.o(i.SysTick_Init)
    Temp_Convert                             0x00000885   Thumb Code    16  lab6.o(i.Temp_Convert)
    UART_Init                                0x00000899   Thumb Code   334  uart.o(i.UART_Init)
    UART_TransmitIfIdle                      0x000009fd   Thumb Code    50  uart.o(i.UART_TransmitIfIdle)
    Write                                    0x00000a39   Thumb Code     4  friendlywriter.o(i.Write)
    __main                                   0x00000a3d   Thumb Code   298  lab6.o(i.__main)
    UART_BASE                                0x00000b90   Data          32  uart.o(.constdata)
    GPIO_BASE                                0x00000bb0   Data          24  friendlywriter.o(.constdata)
    Data                                     0x20000000   Data           4  lab6.o(.data)
    temperature                              0x20000004   Data           4  lab6.o(.data)
    alarm                                    0x20000008   Data           4  lab6.o(.data)
    state                                    0x2000000c   Data           4  lab6.o(.data)
    ADCMail                                  0x20000010   Data           4  lab6peripherals.o(.data)
    ADCStatus                                0x20000014   Data           4  lab6peripherals.o(.data)
    count                                    0x20000018   Data           4  lab6peripherals.o(.data)
    selected_UART                            0x2000001c   Data           4  uart.o(.data)
    doorStateChanged                         0x20000020   Data           4  doorswitch.o(.data)
    selected_port                            0x20000024   Data           4  doorswitch.o(.data)
    selected_pin                             0x20000028   Data           4  doorswitch.o(.data)



==============================================================================

Memory Map of the image

  Image Entry point : 0x0000026d

  Load Region LR_1 (Base: 0x00000000, Size: 0x00000bf4, Max: 0xffffffff, ABSOLUTE)

    Execution Region ER_RO (Exec base: 0x00000000, Load base: 0x00000000, Size: 0x00000bc8, Max: 0xffffffff, ABSOLUTE)

    Exec Addr    Load Addr    Size         Type   Attr      Idx    E Section Name        Object

    0x00000000   0x00000000   0x00000284   Code   RO            3  * RESET               startup.o
    0x00000284   0x00000284   0x00000030   Code   RO            4    .text               startup.o
    0x000002b4   0x000002b4   0x00000006   Code   RO          261    .text               c_w.l(heapauxi.o)
    0x000002ba   0x000002ba   0x00000002   PAD
    0x000002bc   0x000002bc   0x00000038   Code   RO           61    i.ADC_In            adc.o
    0x000002f4   0x000002f4   0x000000c4   Code   RO           62    i.ADC_Init          adc.o
    0x000003b8   0x000003b8   0x00000018   Code   RO           79    i.DoorOpenIndicator_Off  lab6peripherals.o
    0x000003d0   0x000003d0   0x00000018   Code   RO           80    i.DoorOpenIndicator_On  lab6peripherals.o
    0x000003e8   0x000003e8   0x000001bc   Code   RO          174    i.DoorSwitch_Init   doorswitch.o
    0x000005a4   0x000005a4   0x00000018   Code   RO          232    i.FriendlyWrite     friendlywriter.o
    0x000005bc   0x000005bc   0x00000028   Code   RO          175    i.GPIOPortA_Handler  doorswitch.o
    0x000005e4   0x000005e4   0x00000028   Code   RO          176    i.GPIOPortB_Handler  doorswitch.o
    0x0000060c   0x0000060c   0x00000028   Code   RO          177    i.GPIOPortC_Handler  doorswitch.o
    0x00000634   0x00000634   0x00000028   Code   RO          178    i.GPIOPortD_Handler  doorswitch.o
    0x0000065c   0x0000065c   0x00000028   Code   RO          179    i.GPIOPortE_Handler  doorswitch.o
    0x00000684   0x00000684   0x00000028   Code   RO          180    i.GPIOPortF_Handler  doorswitch.o
    0x000006ac   0x000006ac   0x00000044   Code   RO          181    i.IsDoorOpen        doorswitch.o
    0x000006f0   0x000006f0   0x00000070   Code   RO          121    i.PLL_Init          pll.o
    0x00000760   0x00000760   0x00000088   Code   RO           81    i.PortF_Init        lab6peripherals.o
    0x000007e8   0x000007e8   0x00000006   Code   RO          233    i.Read              friendlywriter.o
    0x000007ee   0x000007ee   0x00000002   PAD
    0x000007f0   0x000007f0   0x00000050   Code   RO           82    i.SysTick_Handler   lab6peripherals.o
    0x00000840   0x00000840   0x00000044   Code   RO           83    i.SysTick_Init      lab6peripherals.o
    0x00000884   0x00000884   0x00000014   Code   RO           12    i.Temp_Convert      lab6.o
    0x00000898   0x00000898   0x00000164   Code   RO          133    i.UART_Init         uart.o
    0x000009fc   0x000009fc   0x0000003c   Code   RO          136    i.UART_TransmitIfIdle  uart.o
    0x00000a38   0x00000a38   0x00000004   Code   RO          234    i.Write             friendlywriter.o
    0x00000a3c   0x00000a3c   0x00000154   Code   RO           13    i.__main            lab6.o
    0x00000b90   0x00000b90   0x00000020   Data   RO          137    .constdata          uart.o
    0x00000bb0   0x00000bb0   0x00000018   Data   RO          235    .constdata          friendlywriter.o


    Execution Region ER_RW (Exec base: 0x20000000, Load base: 0x00000bc8, Size: 0x0000002c, Max: 0xffffffff, ABSOLUTE)

    Exec Addr    Load Addr    Size         Type   Attr      Idx    E Section Name        Object

    0x20000000   0x00000bc8   0x00000010   Data   RW           14    .data               lab6.o
    0x20000010   0x00000bd8   0x0000000c   Data   RW           84    .data               lab6peripherals.o
    0x2000001c   0x00000be4   0x00000004   Data   RW          138    .data               uart.o
    0x20000020   0x00000be8   0x0000000c   Data   RW          182    .data               doorswitch.o


    Execution Region ER_ZI (Exec base: 0x2000002c, Load base: 0x00000bf4, Size: 0x00000404, Max: 0xffffffff, ABSOLUTE)

    Exec Addr    Load Addr    Size         Type   Attr      Idx    E Section Name        Object

    0x2000002c   0x00000bf4   0x00000004   PAD
    0x20000030        -       0x00000000   Zero   RW            2    HEAP                startup.o
    0x20000030        -       0x00000400   Zero   RW            1    STACK               startup.o


==============================================================================

Image component sizes


      Code (inc. data)   RO Data    RW Data    ZI Data      Debug   Object Name

       252         34          0          0          0       1060   adc.o
       752        134          0         12          0       4517   doorswitch.o
        34          0         24          0          0       2275   friendlywriter.o
       360         46          0         16          0       6043   lab6.o
       332         74          0         12          0       2879   lab6peripherals.o
       112          4          0          0          0        475   pll.o
       692        632          0          0       1024       1076   startup.o
       416         32         32          4          0       2408   uart.o

    ----------------------------------------------------------------------
      2952        956         56         44       1028      20733   Object Totals
         0          0          0          0          0          0   (incl. Generated)
         2          0          0          0          4          0   (incl. Padding)

    ----------------------------------------------------------------------

      Code (inc. data)   RO Data    RW Data    ZI Data      Debug   Library Member Name

         6          0          0          0          0        152   heapauxi.o

    ----------------------------------------------------------------------
         8          0          0          0          0        152   Library Totals
         2          0          0          0          0          0   (incl. Padding)

    ----------------------------------------------------------------------

      Code (inc. data)   RO Data    RW Data    ZI Data      Debug   Library Name

         6          0          0          0          0        152   c_w.l

    ----------------------------------------------------------------------
         8          0          0          0          0        152   Library Totals

    ----------------------------------------------------------------------

==============================================================================


      Code (inc. data)   RO Data    RW Data    ZI Data      Debug   

      2960        956         56         44       1028      18985   Grand Totals
      2960        956         56         44       1028      18985   ELF Image Totals
      2960        956         56         44          0          0   ROM Totals

==============================================================================

    Total RO  Size (Code + RO Data)                 3016 (   2.95kB)
    Total RW  Size (RW Data + ZI Data)              1072 (   1.05kB)
    Total ROM Size (Code + RO Data + RW Data)       3060 (   2.99kB)

==============================================================================

