<html>
<body>
<pre>
<h1>µVision Build Log</h1>
<h2>Tool Versions:</h2>
IDE-Version: µVision V5.24.2.0
Copyright (C) 2017 ARM Ltd and ARM Germany GmbH. All rights reserved.
License Information: Gavin Fielder, CSU Chico, LIC=----
 
Tool Versions:
Toolchain:       MDK-Lite  Version: 4.74.0.0
Toolchain Path:  C:\Keil_v5\ARM\ARMCC\Bin
C Compiler:      Armcc.exe V5.06 update 5 (build 528)
Assembler:       Armasm.exe V5.06 update 5 (build 528)
Linker/Locator:  ArmLink.exe V5.06 update 5 (build 528)
Library Manager: ArmAr.exe V5.06 update 5 (build 528)
Hex Converter:   FromElf.exe V5.06 update 5 (build 528)
CPU DLL:         SARMCM3.DLL V4.74.0.0
Dialog DLL:      DCM.DLL V1.10.0.0
Target DLL:      lmidk-agdi.dll V???
Dialog DLL:      TCM.DLL V1.14.1.0
 
<h2>Project:</h2>
C:\Users\gavin\Documents\EECE344\Final Project\rebuild2\TxSource rebuild2\Lab6.uvproj
Project File Date:  05/09/2018

<h2>Output:</h2>
*** Using Compiler 'V5.06 update 5 (build 528)', folder: 'C:\Keil_v5\ARM\ARMCC\Bin'
Rebuild target 'ADC'
assembling startup.s...
compiling ADC.c...
compiling Lab6peripherals.c...
Lab6peripherals.h(37): warning:  #1295-D: Deprecated declaration DoorOpenIndicator_On - give arg types
  void DoorOpenIndicator_On();
Lab6peripherals.h(40): warning:  #1295-D: Deprecated declaration DoorOpenIndicator_Off - give arg types
  void DoorOpenIndicator_Off();
Lab6peripherals.c: 2 warnings, 0 errors
compiling Lab6.c...
Lab6peripherals.h(37): warning:  #1295-D: Deprecated declaration DoorOpenIndicator_On - give arg types
  void DoorOpenIndicator_On();
Lab6peripherals.h(40): warning:  #1295-D: Deprecated declaration DoorOpenIndicator_Off - give arg types
  void DoorOpenIndicator_Off();
Lab6.c(132): warning:  #111-D: statement is unreachable
      return 0;
Lab6.c: 3 warnings, 0 errors
compiling PLL.c...
compiling friendlywriter.c...
compiling uart.c...
compiling doorSwitch.c...
doorSwitch.c(54): warning:  #61-D: integer operation result is out of range
          FriendlyWrite(
VIC_PRI7_R, (5 << 5) << (24), (0x7 << 5) << (24));
doorSwitch.c(54): warning:  #61-D: integer operation result is out of range
          FriendlyWrite(
VIC_PRI7_R, (5 << 5) << (24), (0x7 << 5) << (24));
doorSwitch.c(54): warning:  #68-D: integer conversion resulted in a change of sign
          FriendlyWrite(
VIC_PRI7_R, (5 << 5) << (24), (0x7 << 5) << (24));
doorSwitch.c(54): warning:  #68-D: integer conversion resulted in a change of sign
          FriendlyWrite(
VIC_PRI7_R, (5 << 5) << (24), (0x7 << 5) << (24));
doorSwitch.c(19): warning:  #550-D: variable "delay"  was set but never used
      int delay;
doorSwitch.c: 5 warnings, 0 errors
linking...
Program Size: Code=2960 RO-data=56 RW-data=44 ZI-data=1028  
".\ADC.axf" - 0 Error(s), 10 Warning(s).
Build Time Elapsed:  00:00:12
</pre>
</body>
</html>
