<html>
<body>
<pre>
<h1>µVision Build Log</h1>
<h2>Tool Versions:</h2>
IDE-Version: µVision V5.24.2.0
Copyright (C) 2017 ARM Ltd and ARM Germany GmbH. All rights reserved.
License Information: Michael Musick, n/a, LIC=----
 
Tool Versions:
Toolchain:       MDK-Lite  Version: 4.74.0.0
Toolchain Path:  E:\Program Files\Keil\ARM\ARMCC\Bin
C Compiler:      Armcc.exe V5.06 update 5 (build 528)
Assembler:       Armasm.exe V5.06 update 5 (build 528)
Linker/Locator:  ArmLink.exe V5.06 update 5 (build 528)
Library Manager: ArmAr.exe V5.06 update 5 (build 528)
Hex Converter:   FromElf.exe V5.06 update 5 (build 528)
CPU DLL:         SARMCM3.DLL V4.74.0.0
Dialog DLL:      DCM.DLL V1.10.0.0
Target DLL:      lmidk-agdi.dll V???
Dialog DLL:      TCM.DLL V1.14.1.0
 
<h2>Project:</h2>
C:\Users\User\Desktop\RxSource\Lab5.uvprojx
Project File Date:  05/09/2018

<h2>Output:</h2>
*** Using Compiler 'V5.06 update 5 (build 528)', folder: 'E:\Program Files\Keil\ARM\ARMCC\Bin'
Rebuild target 'Lab5'
compiling PLL.c...
compiling friendlywriter.c...
assembling startup.s...
compiling Nokia5110.c...
compiling alarm.c...
alarm.c(38): warning:  #550-D: variable "delay"  was set but never used
      int delay;
alarm.c: 1 warning, 0 errors
compiling Lab5.c...
uart.h(54): warning:  #1295-D: Deprecated declaration UART_NewDataAvailable - give arg types
  uint8_t UART_NewDataAvailable();
Lab5.c(18): warning:  #177-D: variable "i"  was declared but never referenced
      int i;
Lab5.c(19): warning:  #177-D: variable "data"  was declared but never referenced
      uint8_t data;
Lab5.c: 3 warnings, 0 errors
compiling uart.c...
uart.h(54): warning:  #1295-D: Deprecated declaration UART_NewDataAvailable - give arg types
  uint8_t UART_NewDataAvailable();
uart.c: 1 warning, 0 errors
linking...
Program Size: Code=2796 RO-data=672 RW-data=12 ZI-data=1028  
".\DigitalPiano.axf" - 0 Error(s), 5 Warning(s).

<h2>Software Packages used:</h2>

Package Vendor: ARM
                http://www.keil.com/pack/ARM.CMSIS.5.1.1.pack
                ARM.CMSIS.5.1.1
                CMSIS (Cortex Microcontroller Software Interface Standard)
   * Component: CORE Version: 5.0.2

Package Vendor: Keil
                http://www.keil.com/pack/Keil.TM4C_DFP.1.1.0.pack
                Keil.TM4C_DFP.1.1.0
                Texas Instruments Tiva C Series Device Support and Examples

<h2>Collection of Component include folders:</h2>
  .\RTE\_Lab5
  E:\Program Files\Keil\ARM\PACK\ARM\CMSIS\5.1.1\CMSIS\Include
  E:\Program Files\Keil\ARM\PACK\Keil\TM4C_DFP\1.1.0\Device\Include\TM4C123

<h2>Collection of Component Files used:</h2>

   * Component: ARM::CMSIS:CORE:5.0.2
Build Time Elapsed:  00:00:01
</pre>
</body>
</html>
